
  .   ____          _            __ _ _
 /\\ / ___'_ __ _ _(_)_ __  __ _ \ \ \ \
( ( )\___ | '_ | '_| | '_ \/ _` | \ \ \ \
 \\/  ___)| |_)| | | | | || (_| |  ) ) ) )
  '  |____| .__|_| |_|_| |_\__, | / / / /
 =========|_|==============|___/=/_/_/_/

 :: Spring Boot ::                (v3.3.5)

2026-08-18T10:28:26.473Z  INFO 4890 --- [           main] c.z.c.CollegeRecommendationApplication   : Starting CollegeRecommendationApplication v0.0.1-SNAPSHOT using Java 17.0.20 with PID 4890 (/home/runner/work/zhiyuan/zhiyuan/target/college-recommendation-0.0.1-SNAPSHOT.jar started by runner in /home/runner/work/zhiyuan/zhiyuan)
2026-08-18T10:28:26.476Z  INFO 4890 --- [           main] c.z.c.CollegeRecommendationApplication   : The following 1 profile is active: "prod"
2026-08-18T10:28:27.731Z  INFO 4890 --- [           main] .s.d.r.c.RepositoryConfigurationDelegate : Multiple Spring Data modules found, entering strict repository configuration mode
2026-08-18T10:28:27.733Z  INFO 4890 --- [           main] .s.d.r.c.RepositoryConfigurationDelegate : Bootstrapping Spring Data Redis repositories in DEFAULT mode.
2026-08-18T10:28:27.767Z  INFO 4890 --- [           main] .s.d.r.c.RepositoryConfigurationDelegate : Finished Spring Data repository scanning in 19 ms. Found 0 Redis repository interfaces.
2026-08-18T10:28:28.546Z  INFO 4890 --- [           main] o.s.b.w.embedded.tomcat.TomcatWebServer  : Tomcat initialized with port 8080 (http)
2026-08-18T10:28:28.566Z  INFO 4890 --- [           main] o.apache.catalina.core.StandardService   : Starting service [Tomcat]
2026-08-18T10:28:28.566Z  INFO 4890 --- [           main] o.apache.catalina.core.StandardEngine    : Starting Servlet engine: [Apache Tomcat/10.1.31]
2026-08-18T10:28:28.598Z  INFO 4890 --- [           main] o.a.c.c.C.[Tomcat].[localhost].[/]       : Initializing Spring embedded WebApplicationContext
2026-08-18T10:28:28.599Z  INFO 4890 --- [           main] w.s.c.ServletWebServerApplicationContext : Root WebApplicationContext: initialization completed in 2068 ms
 _ _   |_  _ _|_. ___ _ |    _ 
| | |\/|_)(_| | |_\  |_)||_|_\ 
     /               |         
                        3.5.7 
2026-08-18T10:28:30.239Z  WARN 4890 --- [           main] .s.s.UserDetailsServiceAutoConfiguration : 

Using generated security password: c038c79c-cf05-4178-94f6-6d18f7a24f96

This generated password is for development use only. Your security configuration must be updated before running your application in production.

2026-08-18T10:28:30.245Z  INFO 4890 --- [           main] r$InitializeUserDetailsManagerConfigurer : Global AuthenticationManager configured with UserDetailsService bean with name inMemoryUserDetailsManager
2026-08-18T10:28:30.308Z  INFO 4890 --- [           main] o.s.b.a.w.s.WelcomePageHandlerMapping    : Adding welcome page: class path resource [static/index.html]
2026-08-18T10:28:30.655Z  INFO 4890 --- [           main] o.a.r.s.a.RocketMQAutoConfiguration      : a producer (recommendation-task-producer-group) init on namesrv rocketmq-nameserver:9876
2026-08-18T10:28:31.089Z  INFO 4890 --- [           main] o.s.b.w.embedded.tomcat.TomcatWebServer  : Tomcat started on port 8080 (http) with context path '/'
2026-08-18T10:28:31.105Z  INFO 4890 --- [           main] c.z.c.CollegeRecommendationApplication   : Started CollegeRecommendationApplication in 5.154 seconds (process running for 5.769)
2026-08-18T10:28:31.422Z  INFO 4890 --- [nio-8080-exec-1] o.a.c.c.C.[Tomcat].[localhost].[/]       : Initializing Spring DispatcherServlet 'dispatcherServlet'
2026-08-18T10:28:31.422Z  INFO 4890 --- [nio-8080-exec-1] o.s.web.servlet.DispatcherServlet        : Initializing Servlet 'dispatcherServlet'
2026-08-18T10:28:31.423Z  INFO 4890 --- [nio-8080-exec-1] o.s.web.servlet.DispatcherServlet        : Completed initialization in 1 ms
2026-08-18T10:28:31.554Z  INFO 4890 --- [nio-8080-exec-1] com.zaxxer.hikari.HikariDataSource       : HikariPool-1 - Starting...
2026-08-18T10:28:31.947Z  INFO 4890 --- [nio-8080-exec-1] com.zaxxer.hikari.pool.HikariPool        : HikariPool-1 - Added connection com.mysql.cj.jdbc.ConnectionImpl@19ba775c
2026-08-18T10:28:31.948Z  INFO 4890 --- [nio-8080-exec-1] com.zaxxer.hikari.HikariDataSource       : HikariPool-1 - Start completed.
2026-08-18T10:28:33.790Z  INFO 4890 --- [ionShutdownHook] com.zaxxer.hikari.HikariDataSource       : HikariPool-1 - Shutdown initiated...
2026-08-18T10:28:33.793Z  INFO 4890 --- [ionShutdownHook] com.zaxxer.hikari.HikariDataSource       : HikariPool-1 - Shutdown completed.
